Microchip MPLAB XC8 Compiler V2.40

Linker command line:

-W-3 \
  --edf=C:\Program Files\Microchip\xc8\v2.40\pic\dat\20220703182018_en.msgs \
  -cn -h+dist/default/production\SourceCodePIc16F.X.production.sym \
  --cmf=dist/default/production\SourceCodePIc16F.X.production.cmf -z \
  -Q16F887 -oC:\Users\tranv\AppData\Local\Temp\xcAs8r4.4 \
  --defsym=__MPLAB_BUILD=1 --fixupoverflow=error \
  -Mdist/default/production/SourceCodePIc16F.X.production.map \
  --md=C:\Users\tranv\AppData\Local\Temp\xcAs8r4.dat -E1 -ver=XC8 Compiler \
  --acfsm=1493 -ACODE=00h-07FFhx4 -ASTRCODE=00h-01FFFh -ASTRING=00h-0FFhx32 \
  -ACONST=00h-0FFhx32 -AENTRY=00h-0FFhx32 -ACOMMON=070h-07Fh \
  -ABANK0=020h-06Fh -ABANK1=0A0h-0EFh -ABANK2=0110h-016Fh \
  -ABANK3=0190h-01EFh -ARAM=020h-06Fh,0A0h-0EFh,0110h-016Fh,0190h-01EFh \
  -AABS1=020h-07Fh,0A0h-0EFh,0110h-016Fh,0190h-01EFh -ASFR0=00h-01Fh \
  -ASFR1=080h-09Fh -ASFR2=0100h-010Fh -ASFR3=0180h-018Fh \
  -ACONFIG=02007h-02008h -DCONFIG=2 -AIDLOC=02000h-02003h -DIDLOC=2 \
  -AEEDATA=00h-0FFh/02100h -peeprom_data=EEDATA -DEEDATA=2 -DCODE=2 \
  -DSTRCODE=2 -DSTRING=2 -DCONST=2 -DENTRY=2 \
  -preset_vec=00h,intentry=04h,init,end_init -ppowerup=CODE -pcinit=CODE \
  -pfunctab=ENTRY -k C:\Users\tranv\AppData\Local\Temp\xcAs8r4.o \
  dist/default/production\SourceCodePIc16F.X.production.o 

Object code version is 3.11

Machine type is 16F887



                Name                               Link     Load   Length Selector   Space Scale
C:\Users\tranv\AppData\Local\Temp\xcAs8r4.o
                end_init                             12       12        3        8       0
                reset_vec                             0        0        3        0       0
                config                             2007     2007        2        0       4
                idloc                              2000     2000        4        0       5
dist/default/production\SourceCodePIc16F.X.production.o
                cinit                                15       15       12        8       0
                intentry                              4        4        E        8       0
                config                             2007     2007        2        0       4
                idloc                              2000     2000        4        0       5
                text16                              619      619       B8        8       0
                text15                              E00      E00       33     1C00       0
                text14                              D9D      D9D        A     1B3A       0
                text13                              DA7      DA7       17     1B4E       0
                text12                              36C      36C      1D3        8       0
                text11                              F5E      F5E       A2     1EBC       0
                text10                              DD9      DD9       27     1BB2       0
                text9                                27       27      345        8       0
                text8                               77D      77D       76        8       0
                text7                               E6D      E6D       44     1CDA       0
                text6                               E33      E33       3A     1C66       0
                text5                               53F      53F       DA        8       0
                text4                               6D1      6D1       AC        8       0
                text3                               F00      F00       5E     1E00       0
                text2                               7F3      7F3        A        8       0
                text1                               DBE      DBE       1B     1B7C       0
                maintext                            EB1      EB1       4F     1D62       0
                cstackBANK0                          20       20       48       20       1
                cstackCOMMON                         70       70        E       70       1
                cstackBANK1                          A0       A0        3       A0       1
                dataBANK0                            6A       6A        2       20       1
                bssBANK0                             68       68        2       20       1
                strings                             800      800       13     1000       0
                idataBANK0                          7FD      7FD        2        8       0

TOTAL           Name                               Link     Load   Length     Space
        CLASS   CODE           
                end_init                             12       12        3         0
                cinit                                15       15       12         0
                intentry                              4        4        E         0
                reset_vec                             0        0        3         0
                text16                              619      619       B8         0
                text15                              E00      E00       33         0
                text14                              D9D      D9D        A         0
                text13                              DA7      DA7       17         0
                text12                              36C      36C      1D3         0
                text11                              F5E      F5E       A2         0
                text10                              DD9      DD9       27         0
                text9                                27       27      345         0
                text8                               77D      77D       76         0
                text7                               E6D      E6D       44         0
                text6                               E33      E33       3A         0
                text5                               53F      53F       DA         0
                text4                               6D1      6D1       AC         0
                text3                               F00      F00       5E         0
                text2                               7F3      7F3        A         0
                text1                               DBE      DBE       1B         0
                maintext                            EB1      EB1       4F         0
                idataBANK0                          7FD      7FD        2         0

        CLASS   STRCODE        

        CLASS   STRING         
                strings                             800      800       13         0

        CLASS   CONST          

        CLASS   ENTRY          

        CLASS   COMMON         
                cstackCOMMON                         70       70        E         1

        CLASS   BANK0          
                cstackBANK0                          20       20       48         1
                dataBANK0                            6A       6A        2         1
                bssBANK0                             68       68        2         1

        CLASS   BANK1          
                cstackBANK1                          A0       A0        3         1

        CLASS   BANK2          

        CLASS   BANK3          

        CLASS   RAM            

        CLASS   ABS1           
                abs_s1                               7E       7E        2         1

        CLASS   SFR0           

        CLASS   SFR1           

        CLASS   SFR2           

        CLASS   SFR3           

        CLASS   CONFIG         
                config                             2007     2007        2         4

        CLASS   IDLOC          
                idloc                              2000     2000        4         5

        CLASS   EEDATA         

        CLASS   STACK          



SEGMENTS        Name                           Load    Length   Top    Selector   Space  Class     Delta

                reset_vec                      000000  000003  000003         0       0  CODE        2
                intentry                       000004  0007FB  0007FF         8       0  CODE        2
                cstackBANK0                    000020  00004C  00006C        20       1  BANK0       1
                cstackCOMMON                   000070  00000E  00007E        70       1  COMMON      1
                cstackBANK1                    0000A0  000003  0000A3        A0       1  BANK1       1
                strings                        000800  000013  000813      1000       0  STRING      2
                text14                         000D9D  00000A  000DA7      1B3A       0  CODE        2
                text13                         000DA7  000017  000DBE      1B4E       0  CODE        2
                text1                          000DBE  00001B  000DD9      1B7C       0  CODE        2
                text10                         000DD9  000027  000E00      1BB2       0  CODE        2
                text15                         000E00  000033  000E33      1C00       0  CODE        2
                text6                          000E33  00003A  000E6D      1C66       0  CODE        2
                text7                          000E6D  000044  000EB1      1CDA       0  CODE        2
                maintext                       000EB1  00004F  000F00      1D62       0  CODE        2
                text3                          000F00  00005E  000F5E      1E00       0  CODE        2
                text11                         000F5E  0000A2  001000      1EBC       0  CODE        2


UNUSED ADDRESS RANGES

        Name                Unused          Largest block    Delta
        BANK0            006C-006F              4           1
        BANK1            00A3-00EF             4D           1
        BANK2            0110-016F             60           1
        BANK3            0190-01EF             60           1
        CODE             0003-0003              1           2
                         07FF-07FF              1
                         0813-0D9C            58A
                         1000-1FFF            800
        CONST            0003-0003              1           2
                         07FF-07FF              1
                         0813-0D9C            100
                         1000-1FFF            100
        EEDATA           2100-21FF            100           2
        ENTRY            0003-0003              1           2
                         07FF-07FF              1
                         0813-0D9C            100
                         1000-1FFF            100
        RAM              006C-006F              4           1
                         00A3-00EF             4D
                         0110-016F             60
                         0190-01EF             60
        SFR0             0000-001F             20           1
        SFR1             0080-009F             20           1
        SFR2             0100-010F             10           1
        SFR3             0180-018F             10           1
        STRCODE          0003-0003              1           2
                         07FF-07FF              1
                         0813-0D9C            58A
                         1000-1FFF           1000
        STRING           0003-0003              1           2
                         07FF-07FF              1
                         0813-0D9C            100
                         1000-1FFF            100

                                  Symbol Table

?_ADC_read               cstackBANK0  0020
?__Umul8_16              cstackCOMMON 0070
?___fldiv                cstackBANK0  0035
?___flmul                cstackBANK0  0020
?___fltol                cstackCOMMON 0070
?___lwdiv                cstackCOMMON 0070
?___lwmod                cstackCOMMON 0078
?___xxtofl               cstackCOMMON 0070
?_sprintf                cstackBANK0  0020
Auto@p                   cstackBANK0  005F
Auto@temp                cstackBANK0  0060
Auto@temp2               cstackBANK0  005D
Auto@temp3               cstackBANK0  004F
Auto@value               cstackBANK0  0059
UART_sendChar@bt         cstackCOMMON 0070
UART_sendString@str      cstackCOMMON 0072
_ADCON0                  (abs)        001F
_ADCON0bits              (abs)        001F
_ADC_Init                text2        07F3
_ADC_read                text15       0E00
_ADFM                    (abs)        04FF
_ADRESH                  (abs)        001E
_ADRESL                  (abs)        009E
_Auto                    text4        06D1
_BRG16                   (abs)        0C3B
_BRGH                    (abs)        04C2
_CHS0                    (abs)        00FA
_CHS1                    (abs)        00FB
_CHS2                    (abs)        00FC
_CHS3                    (abs)        00FD
_CREN                    (abs)        00C4
_GIE                     (abs)        005F
_ISR                     text3        0F00
_OERR                    (abs)        00C1
_PEIE                    (abs)        005E
_PORTD                   (abs)        0008
_PS0                     (abs)        0408
_PS1                     (abs)        0409
_PS2                     (abs)        040A
_PSA                     (abs)        040B
_RB0                     (abs)        0030
_RCIE                    (abs)        0465
_RCIF                    (abs)        0065
_RCREG                   (abs)        001A
_RX9                     (abs)        00C6
_SPBRG                   (abs)        0099
_SPEN                    (abs)        00C7
_SYNC                    (abs)        04C4
_T0CS                    (abs)        040D
_T0IE                    (abs)        005D
_T0IF                    (abs)        005A
_TMR0                    (abs)        0001
_TRISB                   (abs)        0086
_TRISC6                  (abs)        043E
_TRISC7                  (abs)        043F
_TRISD                   (abs)        0088
_TX9                     (abs)        04C6
_TXEN                    (abs)        04C5
_TXIF                    (abs)        0064
_TXREG                   (abs)        0019
_UART_init               text1        0DBE
_UART_sendChar           text14       0D9D
_UART_sendString         text13       0DA7
_VCFG0                   (abs)        04FC
_VCFG1                   (abs)        04FD
__Habs1                  abs1         0000
__Hbank0                 bank0        0000
__Hbank1                 bank1        0000
__Hbank2                 bank2        0000
__Hbank3                 bank3        0000
__HbssBANK0              bssBANK0     0000
__Hcinit                 cinit        0027
__Hclrtext               clrtext      0000
__Hcode                  code         0000
__Hcommon                common       0000
__Hconfig                config       2009
__HcstackBANK0           cstackBANK0  0000
__HcstackBANK1           cstackBANK1  0000
__HcstackCOMMON          cstackCOMMON 0000
__HdataBANK0             dataBANK0    0000
__Heeprom_data           eeprom_data  0000
__Hend_init              end_init     0015
__Hfunctab               functab      0000
__HidataBANK0            idataBANK0   0000
__Hidloc                 idloc        2004
__Hinit                  init         0012
__Hintentry              intentry     0012
__Hmaintext              maintext     0000
__Hpowerup               powerup      0000
__Hram                   ram          0000
__Hreset_vec             reset_vec    0003
__Hsfr0                  sfr0         0000
__Hsfr1                  sfr1         0000
__Hsfr2                  sfr2         0000
__Hsfr3                  sfr3         0000
__Hspace_0               (abs)        1000
__Hspace_1               (abs)        00A3
__Hspace_2               (abs)        0000
__Hspace_3               (abs)        0000
__Hspace_4               (abs)        4010
__Hstack                 stack        0000
__Hstrings               strings      0000
__Htext                  text         0000
__Labs1                  abs1         0000
__Lbank0                 bank0        0000
__Lbank1                 bank1        0000
__Lbank2                 bank2        0000
__Lbank3                 bank3        0000
__LbssBANK0              bssBANK0     0000
__Lcinit                 cinit        0015
__Lclrtext               clrtext      0000
__Lcode                  code         0000
__Lcommon                common       0000
__Lconfig                config       0000
__LcstackBANK0           cstackBANK0  0000
__LcstackBANK1           cstackBANK1  0000
__LcstackCOMMON          cstackCOMMON 0000
__LdataBANK0             dataBANK0    0000
__Leeprom_data           eeprom_data  0000
__Lend_init              end_init     0012
__Lfunctab               functab      0000
__LidataBANK0            idataBANK0   0000
__Lidloc                 idloc        0000
__Linit                  init         0012
__Lintentry              intentry     0004
__Lmaintext              maintext     0000
__Lpowerup               powerup      0000
__Lram                   ram          0000
__Lreset_vec             reset_vec    0000
__Lsfr0                  sfr0         0000
__Lsfr1                  sfr1         0000
__Lsfr2                  sfr2         0000
__Lsfr3                  sfr3         0000
__Lspace_0               (abs)        0000
__Lspace_1               (abs)        0000
__Lspace_2               (abs)        0000
__Lspace_3               (abs)        0000
__Lspace_4               (abs)        0000
__Lstack                 stack        0000
__Lstrings               strings      0000
__Ltext                  text         0000
__S0                     (abs)        1000
__S1                     (abs)        00A3
__S3                     (abs)        0000
__Umul8_16               text10       0DD9
__Umul8_16@multiplicand  cstackCOMMON 0070
__Umul8_16@multiplier    cstackCOMMON 0078
__Umul8_16@product       cstackCOMMON 0074
__Umul8_16@word_mpld     cstackCOMMON 0076
___fldiv                 text12       036C
___fldiv@a               cstackBANK0  0035
___fldiv@aexp            cstackBANK0  004E
___fldiv@b               cstackBANK0  0039
___fldiv@bexp            cstackBANK0  004D
___fldiv@grs             cstackBANK0  0049
___fldiv@new_exp         cstackBANK0  0047
___fldiv@rem             cstackBANK0  0042
___fldiv@sign            cstackBANK0  0046
___flge                  text11       0F5E
___flge@ff1              cstackCOMMON 0070
___flge@ff2              cstackCOMMON 0074
___flmul                 text9        0027
___flmul@a               cstackBANK0  0024
___flmul@aexp            cstackBANK0  002D
___flmul@b               cstackBANK0  0020
___flmul@bexp            cstackBANK0  002E
___flmul@grs             cstackBANK0  0029
___flmul@prod            cstackBANK0  002F
___flmul@sign            cstackBANK0  0028
___flmul@temp            cstackBANK0  0033
___fltol                 text8        077D
___fltol@exp1            cstackCOMMON 0079
___fltol@f1              cstackCOMMON 0070
___fltol@sign1           cstackCOMMON 0078
___int_sp                stack        0000
___latbits               (abs)        0002
___lwdiv                 text7        0E6D
___lwdiv@counter         cstackCOMMON 0077
___lwdiv@dividend        cstackCOMMON 0072
___lwdiv@divisor         cstackCOMMON 0070
___lwdiv@quotient        cstackCOMMON 0075
___lwmod                 text6        0E33
___lwmod@counter         cstackCOMMON 007D
___lwmod@dividend        cstackCOMMON 007A
___lwmod@divisor         cstackCOMMON 0078
___sp                    stack        0000
___stackhi               (abs)        0000
___stacklo               (abs)        0000
___xxtofl                text16       0619
___xxtofl@arg            cstackCOMMON 007A
___xxtofl@exp            cstackCOMMON 0079
___xxtofl@sign           cstackCOMMON 0078
___xxtofl@val            cstackCOMMON 0070
__end_of_ADC_Init        text2        07FD
__end_of_ADC_read        text15       0E33
__end_of_Auto            text4        077D
__end_of_ISR             text3        0F5E
__end_of_UART_init       text1        0DD9
__end_of_UART_sendChar   text14       0DA7
__end_of_UART_sendString text13       0DBE
__end_of__Umul8_16       text10       0E00
__end_of___fldiv         text12       053F
__end_of___flge          text11       1000
__end_of___flmul         text9        036C
__end_of___fltol         text8        07F3
__end_of___lwdiv         text7        0EB1
__end_of___lwmod         text6        0E6D
__end_of___xxtofl        text16       06D1
__end_of__initialization cinit        0023
__end_of__stringtab      strings      0806
__end_of_dpowers         strings      0810
__end_of_main            maintext     0F00
__end_of_sprintf         text5        0619
__initialization         cinit        0015
__pbssBANK0              bssBANK0     0068
__pcstackBANK0           cstackBANK0  0020
__pcstackBANK1           cstackBANK1  00A0
__pcstackCOMMON          cstackCOMMON 0070
__pdataBANK0             dataBANK0    006A
__pidataBANK0            idataBANK0   07FD
__pintentry              intentry     0004
__pmaintext              maintext     0EB1
__pstrings               strings      0800
__ptext1                 text1        0DBE
__ptext10                text10       0DD9
__ptext11                text11       0F5E
__ptext12                text12       036C
__ptext13                text13       0DA7
__ptext14                text14       0D9D
__ptext15                text15       0E00
__ptext16                text16       0619
__ptext2                 text2        07F3
__ptext3                 text3        0F00
__ptext4                 text4        06D1
__ptext5                 text5        053F
__ptext6                 text6        0E33
__ptext7                 text7        0E6D
__ptext8                 text8        077D
__ptext9                 text9        0027
__stringbase             strings      0805
__stringtab              strings      0800
_check_auto              dataBANK0    006A
_dpowers                 strings      0806
_interup                 bssBANK0     0068
_main                    maintext     0EB1
_on_off                  dataBANK0    006B
_sprintf                 text5        053F
btemp                    (abs)        007E
end_of_initialization    cinit        0023
interrupt_function       intentry     0004
intlevel0                functab      0000
intlevel1                functab      0000
intlevel2                functab      0000
intlevel3                functab      0000
intlevel4                functab      0000
intlevel5                functab      0000
reset_vec                reset_vec    0000
saved_w                  (abs)        007E
sprintf@ap               cstackBANK0  0026
sprintf@c                cstackBANK0  002C
sprintf@f                cstackBANK0  0020
sprintf@flag             cstackBANK0  0027
sprintf@prec             cstackBANK0  0028
sprintf@sp               cstackBANK0  002B
sprintf@val              cstackBANK0  0029
start                    init         0012
start_initialization     cinit        0015
wtemp0                   (abs)        007E


MODULE INFORMATION

Module		Function		Class		Link	Load	Size
C:\Program Files\Microchip\xc8\v2.40\pic\sources\c90\common\fltol.c
		___fltol       		CODE           	077D	0000	118

C:\Program Files\Microchip\xc8\v2.40\pic\sources\c90\common\fltol.c estimated size: 118

C:\Program Files\Microchip\xc8\v2.40\pic\sources\c90\common\sprcmul.c
		___flmul       		CODE           	0027	0000	837

C:\Program Files\Microchip\xc8\v2.40\pic\sources\c90\common\sprcmul.c estimated size: 837

C:\Program Files\Microchip\xc8\v2.40\pic\sources\c90\common\sprcdiv.c
		___fldiv       		CODE           	036C	0000	467

C:\Program Files\Microchip\xc8\v2.40\pic\sources\c90\common\sprcdiv.c estimated size: 467

newmain.c
		_UART_sendString		CODE           	0DA7	0000	23
		_ISR           		CODE           	0F00	0000	94
		_UART_init     		CODE           	0DBE	0000	27
		_main          		CODE           	0EB1	0000	79
		_ADC_read      		CODE           	0E00	0000	51
		_UART_sendChar 		CODE           	0D9D	0000	10
		_Auto          		CODE           	06D1	0000	172
		_ADC_Init      		CODE           	07F3	0000	10

newmain.c estimated size: 466

C:\Program Files\Microchip\xc8\v2.40\pic\sources\c90\common\Umul8_16.c
		__Umul8_16     		CODE           	0DD9	0000	39

C:\Program Files\Microchip\xc8\v2.40\pic\sources\c90\common\Umul8_16.c estimated size: 39

C:\Program Files\Microchip\xc8\v2.40\pic\sources\c90\common\doprnt.c
		_sprintf       		CODE           	053F	0000	218

C:\Program Files\Microchip\xc8\v2.40\pic\sources\c90\common\doprnt.c estimated size: 218

C:\Program Files\Microchip\xc8\v2.40\pic\sources\c90\common\lwmod.c
		___lwmod       		CODE           	0E33	0000	58

C:\Program Files\Microchip\xc8\v2.40\pic\sources\c90\common\lwmod.c estimated size: 58

shared
		__stringtab    		STRING         	0800	0000	6
		_dpowers       		STRING         	0806	0000	10
		__initialization		CODE           	0015	0000	14

shared estimated size: 30

C:\Program Files\Microchip\xc8\v2.40\pic\sources\c90\common\flge.c
		___flge        		CODE           	0F5E	0000	162

C:\Program Files\Microchip\xc8\v2.40\pic\sources\c90\common\flge.c estimated size: 162

C:\Program Files\Microchip\xc8\v2.40\pic\sources\c90\common\lwdiv.c
		___lwdiv       		CODE           	0E6D	0000	68

C:\Program Files\Microchip\xc8\v2.40\pic\sources\c90\common\lwdiv.c estimated size: 68

C:\Program Files\Microchip\xc8\v2.40\pic\sources\c90\common\xxtofl.c
		___xxtofl      		CODE           	0619	0000	184

C:\Program Files\Microchip\xc8\v2.40\pic\sources\c90\common\xxtofl.c estimated size: 184

