Microchip MPLAB XC8 Compiler V2.36

Linker command line:

-W-3 --edf=C:\Program Files\Microchip\xc8\v2.36\pic\dat\en_msgs.txt -cn \
  -h+dist/default/production\Code.X.production.sym \
  --cmf=dist/default/production\Code.X.production.cmf -z -Q18F4550 \
  -oC:\Users\tranv\AppData\Local\Temp\xcAsdlo.4 --defsym=__MPLAB_BUILD=1 \
  -Mdist/default/production/Code.X.production.map \
  --md=C:\Users\tranv\AppData\Local\Temp\xcAsdlo.dat -E1 -ver=XC8 Compiler \
  --acfsm=1493 -ACODE=00h-07FFFh -ACONST=00h-07FFFh \
  -ASMALLCONST=0800h-08FFhx120 -AMEDIUMCONST=0800h-07FFFh -ACOMRAM=01h-05Fh \
  -AABS1=00h-07FFh -ABIGRAM=01h-07FFh -ARAM=060h-0FFh,0100h-01FFhx7 \
  -ABANK0=060h-0FFh -ABANK1=0100h-01FFh -ABANK2=0200h-02FFh \
  -ABANK3=0300h-03FFh -ABANK4=0400h-04FFh -ABANK5=0500h-05FFh \
  -ABANK6=0600h-06FFh -ABANK7=0700h-07FFh -ASFR=0F60h-0FFFh \
  -ABIGSFR=0F60h-0FFFh -ACONFIG=0300000h-030000Dh -AIDLOC=0200000h-0200007h \
  -AEEDATA=0F00000h-0F000FFh -peeprom_data=EEDATA \
  -preset_vec=00h,intcode,intcodelo,powerup,init -pramtop=0800h \
  -psmallconst=SMALLCONST -pmediumconst=MEDIUMCONST -pconst=CONST \
  -AFARRAM=00h-00h \
  -prdata=COMRAM,nvrram=COMRAM,nvbit=COMRAM,rbss=COMRAM,rbit=COMRAM \
  -pfarbss=FARRAM,fardata=FARRAM,nvFARRAM=FARRAM \
  -pintsave_regs=BIGRAM,bigbss=BIGRAM,bigdata=BIGRAM -pbss=RAM \
  -pidata=CODE,irdata=CODE,ibigdata=CODE,ifardata=CODE -prparam=COMRAM \
  C:\Users\tranv\AppData\Local\Temp\xcAsdlo.o \
  dist/default/production\Code.X.production.o 

Object code version is 3.11

Machine type is 18F4550



                Name                               Link     Load   Length Selector   Space Scale
C:\Users\tranv\AppData\Local\Temp\xcAsdlo.o
                idloc                            200000   200000        8        0       5
                config                           300000   300000        E        0       4
                init                                  0        0        4        0       0
dist/default/production\Code.X.production.o
                idloc                            200000   200000        8        0       5
                config                           300000   300000        E        0       4
                text10                             788A     788A       C4     3C45       0
                text9                              77DA     77DA       B0     3BED       0
                text8                              7736     7736       26     3B9B       0
                text7                              76C4     76C4       12     3B62       0
                text6                              7714     7714       22     3B8A       0
                text5                              77AC     77AC       2E     3BD6       0
                text4                              76D6     76D6       12     3B6B       0
                text3                              76FA     76FA       1A     3B7D       0
                text2                              76E8     76E8       12     3B74       0
                text1                              7782     7782       2A     3BC1       0
                text0                              794E     794E      6B2     3CA7       0
                cstackCOMRAM                          1        1       31        1       1
                dataCOMRAM                           32       32        A        1       1
                cinit                              775C     775C       26     3BAE       0
                nvCOMRAM                             3C       3C        3        1       1
                idataCOMRAM                        76BA     76BA        A     76BA       0

TOTAL           Name                               Link     Load   Length     Space
        CLASS   CODE           
                init                                  0        0        4         0
                text10                             788A     788A       C4         0
                text9                              77DA     77DA       B0         0
                text8                              7736     7736       26         0
                text7                              76C4     76C4       12         0
                text6                              7714     7714       22         0
                text5                              77AC     77AC       2E         0
                text4                              76D6     76D6       12         0
                text3                              76FA     76FA       1A         0
                text2                              76E8     76E8       12         0
                text1                              7782     7782       2A         0
                text0                              794E     794E      6B2         0
                cinit                              775C     775C       26         0
                idataCOMRAM                        76BA     76BA        A         0

        CLASS   CONST          

        CLASS   SMALLCONST     

        CLASS   MEDIUMCONST    

        CLASS   COMRAM         
                cstackCOMRAM                          1        1       31         1
                dataCOMRAM                           32       32        A         1
                nvCOMRAM                             3C       3C        3         1

        CLASS   ABS1           

        CLASS   BIGRAM         

        CLASS   RAM            

        CLASS   BANK0          

        CLASS   BANK1          

        CLASS   BANK2          

        CLASS   BANK3          

        CLASS   BANK4          

        CLASS   BANK5          

        CLASS   BANK6          

        CLASS   BANK7          

        CLASS   SFR            

        CLASS   BIGSFR         

        CLASS   CONFIG         
                config                           300000   300000        E         4

        CLASS   IDLOC          
                idloc                            200000   200000        8         5

        CLASS   EEDATA         

        CLASS   FARRAM         

        CLASS   HEAP           

        CLASS   STACK          



SEGMENTS        Name                           Load    Length   Top    Selector   Space  Class

                reset_vec                      000000  000004  000004         0       0  CODE    
                cstackCOMRAM                   000001  00003E  00003F         1       1  COMRAM  
                idataCOMRAM                    0076BA  00000A  0076C4      76BA       0  CODE    
                text7                          0076C4  000012  0076D6      3B62       0  CODE    
                text4                          0076D6  000012  0076E8      3B6B       0  CODE    
                text2                          0076E8  000012  0076FA      3B74       0  CODE    
                text3                          0076FA  00001A  007714      3B7D       0  CODE    
                text6                          007714  000022  007736      3B8A       0  CODE    
                text8                          007736  000026  00775C      3B9B       0  CODE    
                cinit                          00775C  000026  007782      3BAE       0  CODE    
                text1                          007782  00002A  0077AC      3BC1       0  CODE    
                text5                          0077AC  00002E  0077DA      3BD6       0  CODE    
                text9                          0077DA  0000B0  00788A      3BED       0  CODE    
                text10                         00788A  0000C4  00794E      3C45       0  CODE    
                text0                          00794E  0006B2  008000      3CA7       0  CODE    


UNUSED ADDRESS RANGES

        Name                Unused          Largest block    Delta
        BANK0            000060-0000FF               A0
        BANK1            000100-0001FF              100
        BANK2            000200-0002FF              100
        BANK3            000300-0003FF              100
        BANK4            000400-0004FF              100
        BANK5            000500-0005FF              100
        BANK6            000600-0006FF              100
        BANK7            000700-0007FF              100
        BIGRAM           00003F-0007FF              7C1
        BIGSFR           000F60-000FFF               A0
        CODE             000004-0076B9             76B6
        COMRAM           00003F-00005F               21
        CONST            000004-0076B9             76B6
        EEDATA           F00000-F000FF              100
        MEDIUMCONST      000800-0076B9             6EBA
        RAM              000060-0007FF              100
        SFR              000F60-000FFF               A0
        SMALLCONST       000800-0076B9              100

                                  Symbol Table

?___awdiv                cstackCOMRAM 000001
?___awmod                cstackCOMRAM 000001
?___wmul                 cstackCOMRAM 000001
I2C_Read@temp            cstackCOMRAM 000001
I2C_Send@dat             cstackCOMRAM 000001
_I2C_Read                text5        0077AC
_I2C_Restart             text4        0076D6
_I2C_Send                text3        0076FA
_I2C_Start               text2        0076E8
_I2C_Stop                text7        0076C4
_I2C_Wait                text6        007714
_OSCCON                  (abs)        000FD3
_PORTB                   (abs)        000F81
_PORTC                   (abs)        000F82
_PORTD                   (abs)        000F83
_RA0                     (abs)        007C00
_RA1                     (abs)        007C01
_RB2                     (abs)        007C0A
_RB3                     (abs)        007C0B
_RB4                     (abs)        007C0C
_RB5                     (abs)        007C0D
_RC0                     (abs)        007C10
_RC1                     (abs)        007C11
_RC2                     (abs)        007C12
_RC4                     (abs)        007C14
_RC5                     (abs)        007C15
_RC6                     (abs)        007C16
_SSPADD                  (abs)        000FC8
_SSPBUF                  (abs)        000FC9
_SSPCON1                 (abs)        000FC6
_SSPCON2bits             (abs)        000FC5
_SSPSTAT                 (abs)        000FC7
_SSPSTATbits             (abs)        000FC7
_TRISA                   (abs)        000F92
_TRISB                   (abs)        000F93
_TRISB0                  (abs)        007C98
_TRISB1                  (abs)        007C99
_TRISB2                  (abs)        007C9A
_TRISB3                  (abs)        007C9B
_TRISB4                  (abs)        007C9C
_TRISB5                  (abs)        007C9D
_TRISC                   (abs)        000F94
_TRISD                   (abs)        000F95
__HRAM                   (abs)        000000
__Habs1                  abs1         000000
__Hbank0                 bank0        000000
__Hbank1                 bank1        000000
__Hbank2                 bank2        000000
__Hbank3                 bank3        000000
__Hbank4                 bank4        000000
__Hbank5                 bank5        000000
__Hbank6                 bank6        000000
__Hbank7                 bank7        000000
__Hbigbss                bigbss       000000
__Hbigdata               bigdata      000000
__Hbigram                bigram       000000
__Hbigsfr                bigsfr       000000
__Hbss                   bss          000000
__Hcinit                 cinit        000000
__Hclrtext               clrtext      000000
__Hcomram                comram       000000
__Hconfig                config       30000E
__Hconst                 const        000000
__HcstackCOMRAM          cstackCOMRAM 000000
__Hdata                  data         000000
__HdataCOMRAM            dataCOMRAM   000000
__Heeprom_data           eeprom_data  000000
__Hfarbss                farbss       000000
__Hfardata               fardata      000000
__Hheap                  heap         000000
__Hibigdata              ibigdata     000000
__Hidata                 idata        000000
__HidataCOMRAM           idataCOMRAM  000000
__Hidloc                 idloc        200008
__Hifardata              ifardata     000000
__Hinit                  init         000004
__Hintcode               intcode      000000
__Hintcode_body          intcode_body 000000
__Hintcodelo             intcodelo    000000
__Hintentry              intentry     000000
__Hintret                intret       000000
__Hintsave_regs          intsave_regs 000000
__Hirdata                irdata       000000
__Hmediumconst           mediumconst  000000
__HnvCOMRAM              nvCOMRAM     000000
__HnvFARRAM              nvFARRAM     000000
__Hnvbit                 nvbit        000000
__Hnvrram                nvrram       000000
__Hparam                 rparam       000000
__Hpowerup               powerup      000000
__Hram                   ram          000000
__Hramtop                ramtop       000800
__Hrbit                  rbit         000000
__Hrbss                  rbss         000000
__Hrdata                 rdata        000000
__Hreset_vec             reset_vec    000000
__Hrparam                rparam       000000
__Hsfr                   sfr          000000
__Hsmallconst            smallconst   000000
__Hspace_0               (abs)        008000
__Hspace_1               (abs)        00003F
__Hspace_2               (abs)        000000
__Hspace_4               (abs)        60000E
__Hstack                 stack        000000
__Hstruct                struct       000000
__Htemp                  temp         000000
__Htext                  text         000000
__Htext0                 text0        000000
__Htext1                 text1        000000
__Htext10                text10       000000
__Htext2                 text2        000000
__Htext3                 text3        000000
__Htext4                 text4        000000
__Htext5                 text5        000000
__Htext6                 text6        000000
__Htext7                 text7        000000
__Htext8                 text8        000000
__Htext9                 text9        000000
__LRAM                   (abs)        000001
__Labs1                  abs1         000000
__Lbank0                 bank0        000000
__Lbank1                 bank1        000000
__Lbank2                 bank2        000000
__Lbank3                 bank3        000000
__Lbank4                 bank4        000000
__Lbank5                 bank5        000000
__Lbank6                 bank6        000000
__Lbank7                 bank7        000000
__Lbigbss                bigbss       000000
__Lbigdata               bigdata      000000
__Lbigram                bigram       000000
__Lbigsfr                bigsfr       000000
__Lbss                   bss          000000
__Lcinit                 cinit        000000
__Lclrtext               clrtext      000000
__Lcomram                comram       000000
__Lconfig                config       000000
__Lconst                 const        000000
__LcstackCOMRAM          cstackCOMRAM 000000
__Ldata                  data         000000
__LdataCOMRAM            dataCOMRAM   000000
__Leeprom_data           eeprom_data  000000
__Lfarbss                farbss       000000
__Lfardata               fardata      000000
__Lheap                  heap         000000
__Libigdata              ibigdata     000000
__Lidata                 idata        000000
__LidataCOMRAM           idataCOMRAM  000000
__Lidloc                 idloc        000000
__Lifardata              ifardata     000000
__Linit                  init         000000
__Lintcode               intcode      000000
__Lintcode_body          intcode_body 000000
__Lintcodelo             intcodelo    000000
__Lintentry              intentry     000000
__Lintret                intret       000000
__Lintsave_regs          intsave_regs 000000
__Lirdata                irdata       000000
__Lmediumconst           mediumconst  000000
__LnvCOMRAM              nvCOMRAM     000000
__LnvFARRAM              nvFARRAM     000000
__Lnvbit                 nvbit        000000
__Lnvrram                nvrram       000000
__Lparam                 rparam       000000
__Lpowerup               powerup      000000
__Lram                   ram          000000
__Lramtop                ramtop       000800
__Lrbit                  rbit         000000
__Lrbss                  rbss         000000
__Lrdata                 rdata        000000
__Lreset_vec             reset_vec    000000
__Lrparam                rparam       000000
__Lsfr                   sfr          000000
__Lsmallconst            smallconst   000000
__Lspace_0               (abs)        000000
__Lspace_1               (abs)        000000
__Lspace_2               (abs)        000000
__Lspace_4               (abs)        000000
__Lstack                 stack        000000
__Lstruct                struct       000000
__Ltemp                  temp         000000
__Ltext                  text         000000
__Ltext0                 text0        000000
__Ltext1                 text1        000000
__Ltext10                text10       000000
__Ltext2                 text2        000000
__Ltext3                 text3        000000
__Ltext4                 text4        000000
__Ltext5                 text5        000000
__Ltext6                 text6        000000
__Ltext7                 text7        000000
__Ltext8                 text8        000000
__Ltext9                 text9        000000
__S0                     (abs)        008000
__S1                     (abs)        00003F
__S4                     (abs)        000000
__S5                     (abs)        000000
___awdiv                 text10       00788A
___awdiv@counter         cstackCOMRAM 000005
___awdiv@dividend        cstackCOMRAM 000001
___awdiv@divisor         cstackCOMRAM 000003
___awdiv@quotient        cstackCOMRAM 000007
___awdiv@sign            cstackCOMRAM 000006
___awmod                 text9        0077DA
___awmod@counter         cstackCOMRAM 000005
___awmod@dividend        cstackCOMRAM 000001
___awmod@divisor         cstackCOMRAM 000003
___awmod@sign            cstackCOMRAM 000006
___heap_hi               (abs)        000000
___heap_lo               (abs)        000000
___inthi_sp              stack        000000
___intlo_sp              stack        000000
___param_bank            (abs)        000000
___rparam_used           (abs)        000001
___sp                    stack        000000
___wmul                  text8        007736
___wmul@multiplicand     cstackCOMRAM 000003
___wmul@multiplier       cstackCOMRAM 000001
___wmul@product          cstackCOMRAM 000005
__accesstop              (abs)        000060
__activetblptr           (abs)        000000
__end_of_I2C_Read        text5        0077DA
__end_of_I2C_Restart     text4        0076E8
__end_of_I2C_Send        text3        007714
__end_of_I2C_Start       text2        0076FA
__end_of_I2C_Stop        text7        0076D6
__end_of_I2C_Wait        text6        007736
__end_of___awdiv         text10       00794E
__end_of___awmod         text9        00788A
__end_of___wmul          text8        00775C
__end_of__initialization cinit        00777C
__end_of_main            text0        008000
__end_of_rtc1307_read    text1        0077AC
__initialization         cinit        00775C
__mediumconst            mediumconst  000000
__pcinit                 cinit        00775C
__pcstackCOMRAM          cstackCOMRAM 000001
__pdataCOMRAM            dataCOMRAM   000032
__pidataCOMRAM           idataCOMRAM  0076BA
__pnvCOMRAM              nvCOMRAM     00003C
__ptext0                 text0        00794E
__ptext1                 text1        007782
__ptext10                text10       00788A
__ptext2                 text2        0076E8
__ptext3                 text3        0076FA
__ptext4                 text4        0076D6
__ptext5                 text5        0077AC
__ptext6                 text6        007714
__ptext7                 text7        0076C4
__ptext8                 text8        007736
__ptext9                 text9        0077DA
__ramtop                 ramtop       000800
__smallconst             smallconst   000000
_giay                    nvCOMRAM     00003E
_gio                     nvCOMRAM     00003C
_main                    text0        00794E
_phut                    nvCOMRAM     00003D
_rtc1307_read            text1        007782
end_of_initialization    cinit        00777C
intlevel0                text         000000
intlevel1                text         000000
intlevel2                text         000000
intlevel3                text         000000
isa$std                  (abs)        000001
isa$xinst                (abs)        000000
main@AM_PM               cstackCOMRAM 00000B
main@F3188               dataCOMRAM   000032
main@a                   cstackCOMRAM 00000C
main@chuc                cstackCOMRAM 000016
main@chuc_271            cstackCOMRAM 00001A
main@dem                 cstackCOMRAM 00002E
main@dem1                cstackCOMRAM 000020
main@dem2                cstackCOMRAM 000024
main@donvi               cstackCOMRAM 000018
main@donvi_272           cstackCOMRAM 00001C
main@gios                cstackCOMRAM 00002C
main@gios_273            cstackCOMRAM 000030
main@i                   cstackCOMRAM 00002A
main@mau2                cstackCOMRAM 00001E
main@setmau              cstackCOMRAM 000028
main@sodu1               cstackCOMRAM 000022
main@sodu2               cstackCOMRAM 000026
rtc1307_read@address     cstackCOMRAM 000002
rtc1307_read@temp        cstackCOMRAM 000003
stackhi                  (abs)        000000
stacklo                  (abs)        000000
start                    init         000000
start_initialization     cinit        00775C


MODULE INFORMATION

Module		Function		Class		Link	Load	Size
C:\Program Files\Microchip\xc8\v2.36\pic\sources\c99\common\awmod.c
		___awmod       		CODE           	77DA	0000	176

C:\Program Files\Microchip\xc8\v2.36\pic\sources\c99\common\awmod.c estimated size: 176

newmain.c
		_main          		CODE           	794E	0000	1714
		_rtc1307_read  		CODE           	7782	0000	42
		_I2C_Stop      		CODE           	76C4	0000	18
		_I2C_Wait      		CODE           	7714	0000	34
		_I2C_Read      		CODE           	77AC	0000	46
		_I2C_Send      		CODE           	76FA	0000	26
		_I2C_Start     		CODE           	76E8	0000	18
		_I2C_Restart   		CODE           	76D6	0000	18

newmain.c estimated size: 1916

C:\Program Files\Microchip\xc8\v2.36\pic\sources\c99\common\awdiv.c
		___awdiv       		CODE           	788A	0000	196

C:\Program Files\Microchip\xc8\v2.36\pic\sources\c99\common\awdiv.c estimated size: 196

shared
		__initialization		CODE           	775C	0000	32

shared estimated size: 32

C:\Program Files\Microchip\xc8\v2.36\pic\sources\c99\common\Umul16.c
		___wmul        		CODE           	7736	0000	38

C:\Program Files\Microchip\xc8\v2.36\pic\sources\c99\common\Umul16.c estimated size: 38

